// Jest Snapshot v1, https://goo.gl/fbAQLP

exports[`<Home /> matches the snapshot 1`] = `
<div
  className="home"
>
  <button
    className="MuiButtonBase-root MuiButton-root MuiButton-outlined MuiButton-outlinedPrimary"
    disabled={false}
    onBlur={[Function]}
    onClick={[Function]}
    onDragLeave={[Function]}
    onFocus={[Function]}
    onKeyDown={[Function]}
    onKeyUp={[Function]}
    onMouseDown={[Function]}
    onMouseLeave={[Function]}
    onMouseUp={[Function]}
    onTouchEnd={[Function]}
    onTouchMove={[Function]}
    onTouchStart={[Function]}
    tabIndex={0}
    type="button"
  >
    <span
      className="MuiButton-label"
    >
      -
    </span>
  </button>
  <div>
    Counter: 
    0
  </div>
  <button
    className="MuiButtonBase-root MuiButton-root MuiButton-outlined MuiButton-outlinedPrimary"
    disabled={false}
    onBlur={[Function]}
    onClick={[Function]}
    onDragLeave={[Function]}
    onFocus={[Function]}
    onKeyDown={[Function]}
    onKeyUp={[Function]}
    onMouseDown={[Function]}
    onMouseLeave={[Function]}
    onMouseUp={[Function]}
    onTouchEnd={[Function]}
    onTouchMove={[Function]}
    onTouchStart={[Function]}
    tabIndex={0}
    type="button"
  >
    <span
      className="MuiButton-label"
    >
      +
    </span>
  </button>
</div>
`;
