// Jest Snapshot v1, https://goo.gl/fbAQLP

exports[`<App /> matches snapshot 1`] = `
<div
  className="container"
>
  <div>
    <div
      className="navbar"
    >
      <div
        className="logo"
      >
        <h2>
          Barefoot Normad
        </h2>
      </div>
      <div
        className="navlinks"
      >
        <ul>
          <li>
            <a
              href="/"
              onClick={[Function]}
            >
              Home
            </a>
          </li>
          <li>
             
            <a
              href="/login"
              onClick={[Function]}
            >
              Login
            </a>
          </li>
          <li>
            <a
              href="/signup"
              onClick={[Function]}
            >
              Signup
            </a>
          </li>
        </ul>
      </div>
    </div>
  </div>
  <div
    className="home"
  >
    <button
      className="MuiButtonBase-root MuiButton-root MuiButton-contained MuiButton-containedPrimary"
      disabled={false}
      onBlur={[Function]}
      onDragLeave={[Function]}
      onFocus={[Function]}
      onKeyDown={[Function]}
      onKeyUp={[Function]}
      onMouseDown={[Function]}
      onMouseLeave={[Function]}
      onMouseUp={[Function]}
      onTouchEnd={[Function]}
      onTouchMove={[Function]}
      onTouchStart={[Function]}
      tabIndex={0}
      type="button"
    >
      <span
        className="MuiButton-label"
      >
        Greating
      </span>
    </button>
    <br />
    Hi, There.
    <p>
      Guys enjoy your coding.
    </p>
  </div>
</div>
`;
